// Jest Snapshot v1, https://goo.gl/fbAQLP

exports[`renders accumulated discount value 1`] = `
<li
  className="lineItems"
>
  <span
    className="lineItemLabel"
  >
    <mock-FormattedMessage
      defaultMessage="Discounts applied"
      id="discountSummary.lineItemLabel"
    />
    <button
      aria-expanded={false}
      aria-label="Show individual discounts."
      onClick={[Function]}
      type="button"
    >
      <span
        className="root"
      >
        <svg
          className="icon"
          fill="none"
          height={16}
          stroke="currentColor"
          strokeLinecap="round"
          strokeLinejoin="round"
          strokeWidth="2"
          viewBox="0 0 24 24"
          width={16}
          xmlns="http://www.w3.org/2000/svg"
        >
          <polyline
            points="6 9 12 15 18 9"
          />
        </svg>
      </span>
    </button>
  </span>
  <span
    className="price"
  >
    -
    <span>
      $
    </span>
    <span>
      2
    </span>
    <span>
      .
    </span>
    <span>
      00
    </span>
  </span>
</li>
`;

exports[`renders discount summary line item correctly 1`] = `
<li
  className="lineItems"
>
  <span
    className="lineItemLabel"
  >
    <mock-FormattedMessage
      defaultMessage="Discounts applied"
      id="discountSummary.lineItemLabel"
    />
    <button
      aria-expanded={false}
      aria-label="Show individual discounts."
      onClick={[Function]}
      type="button"
    >
      <span
        className="root"
      >
        <svg
          className="icon"
          fill="none"
          height={16}
          stroke="currentColor"
          strokeLinecap="round"
          strokeLinejoin="round"
          strokeWidth="2"
          viewBox="0 0 24 24"
          width={16}
          xmlns="http://www.w3.org/2000/svg"
        >
          <polyline
            points="6 9 12 15 18 9"
          />
        </svg>
      </span>
    </button>
  </span>
  <span
    className="price"
  >
    -
    <span>
      $
    </span>
    <span>
      10
    </span>
    <span>
      .
    </span>
    <span>
      00
    </span>
  </span>
</li>
`;

exports[`renders nothing if discount data is empty 1`] = `null`;

exports[`renders nothing if discount value is "0" 1`] = `null`;
